// Jest Snapshot v1, https://goo.gl/fbAQLP

exports[`<About /> should render default snapshot 1`] = `
<main
  class="light"
>
  <section
    class="about grid__row"
  >
    <div
      class="card grid__col--6"
    >
      <h1>
        Sobre Mi:
      </h1>
      <p>
        Hola, soy Jimmy Guzman y soy un Desarrollador de Web Front-End. En este momento estoy basado en Minneapolis. Estoy versado en varias habilidades de front-end y me apasiona la construcción de excelentes experiencias de usuario con gran funcionalidad, lo que se demuestra en mis proyectos
      </p>
    </div>
    <div
      class="card grid__col--6"
    >
      <h1>
        Habilidades:
      </h1>
      <ul
        class="TechList"
        style="text-align: center; list-style: none; padding: 0px;"
      >
        <li
          class="badge"
        >
          JavaScript
        </li>
        <li
          class="badge"
        >
          ReactJS
        </li>
        <li
          class="badge"
        >
          Redux
        </li>
        <li
          class="badge"
        >
          NodeJS
        </li>
        <li
          class="badge"
        >
          MongoDB
        </li>
        <li
          class="badge"
        >
          Webpack
        </li>
        <li
          class="badge"
        >
          Git
        </li>
        <li
          class="badge"
        >
          HTML
        </li>
        <li
          class="badge"
        >
          CSS
        </li>
        <li
          class="badge"
        >
          SASS
        </li>
        <li
          class="badge"
        >
          Bootstrap
        </li>
        <li
          class="badge"
        >
          jQuery
        </li>
        <li
          class="badge"
        >
          D3.js
        </li>
        <li
          class="badge"
        >
          Pug
        </li>
        <li
          class="badge"
        >
          Express
        </li>
        <li
          class="badge"
        >
          Firebase
        </li>
        <li
          class="badge"
        >
          Parcel
        </li>
        <li
          class="badge"
        >
          npm
        </li>
        <li
          class="badge"
        >
          Wordpress
        </li>
      </ul>
    </div>
  </section>
</main>
`;

exports[`<About /> should render snapshot with not isEnglish 1`] = `
<main
  class="light"
>
  <section
    class="about grid__row"
  >
    <div
      class="card grid__col--6"
    >
      <h1>
        Sobre Mi:
      </h1>
      <p>
        Hola, soy Jimmy Guzman y soy un Desarrollador de Web Front-End. En este momento estoy basado en Minneapolis. Estoy versado en varias habilidades de front-end y me apasiona la construcción de excelentes experiencias de usuario con gran funcionalidad, lo que se demuestra en mis proyectos
      </p>
    </div>
    <div
      class="card grid__col--6"
    >
      <h1>
        Habilidades:
      </h1>
      <ul
        class="TechList"
        style="text-align: center; list-style: none; padding: 0px;"
      >
        <li
          class="badge"
        >
          JavaScript
        </li>
        <li
          class="badge"
        >
          ReactJS
        </li>
        <li
          class="badge"
        >
          Redux
        </li>
        <li
          class="badge"
        >
          NodeJS
        </li>
        <li
          class="badge"
        >
          MongoDB
        </li>
        <li
          class="badge"
        >
          Webpack
        </li>
        <li
          class="badge"
        >
          Git
        </li>
        <li
          class="badge"
        >
          HTML
        </li>
        <li
          class="badge"
        >
          CSS
        </li>
        <li
          class="badge"
        >
          SASS
        </li>
        <li
          class="badge"
        >
          Bootstrap
        </li>
        <li
          class="badge"
        >
          jQuery
        </li>
        <li
          class="badge"
        >
          D3.js
        </li>
        <li
          class="badge"
        >
          Pug
        </li>
        <li
          class="badge"
        >
          Express
        </li>
        <li
          class="badge"
        >
          Firebase
        </li>
        <li
          class="badge"
        >
          Parcel
        </li>
        <li
          class="badge"
        >
          npm
        </li>
        <li
          class="badge"
        >
          Wordpress
        </li>
      </ul>
    </div>
  </section>
</main>
`;
