// Jest Snapshot v1, https://goo.gl/fbAQLP

exports[`<ProgressBar /> should render default snapshot 1`] = `
.c0 {
  margin: 0;
  position: relative;
  height: 8px;
  display: block;
  width: 100%;
  background-color: #292b2f;
  overflow: hidden;
}

.c1 {
  background-color: #018185;
}

.c1:before {
  content: '';
  position: absolute;
  background-color: inherit;
  top: 0;
  left: 0;
  bottom: 0;
  will-change: left,right;
  animation: emTRrC 2.1s cubic-bezier(0.65,0.815,0.735,0.395) infinite;
}

.c1:after {
  content: '';
  position: absolute;
  background-color: inherit;
  top: 0;
  left: 0;
  bottom: 0;
  will-change: left,right;
  animation: gbxbMm 2.1s cubic-bezier(0.165,0.84,0.44,1) infinite;
  animation-delay: 1.15s;
}

<div
  class="c0"
>
  <div
    class="c1"
  />
</div>
`;
