// Jest Snapshot v1, https://goo.gl/fbAQLP

exports[`<TechList /> should render default snapshot 1`] = `
<ul
  class="TechList"
  style="text-align: center; list-style: none; padding: 0px;"
>
  <li
    class="badge"
  >
    JavaScript
  </li>
  <li
    class="badge"
  >
    ReactJS
  </li>
  <li
    class="badge"
  >
    Redux
  </li>
</ul>
`;

exports[`<TechList /> should render snapshot with not isEnglish 1`] = `
<ul
  class="TechList"
  style="text-align: center; list-style: none; padding: 0px;"
>
  <li
    class="badge"
  >
    JavaScript
  </li>
  <li
    class="badge"
  >
    ReactJS
  </li>
  <li
    class="badge"
  >
    Redux
  </li>
</ul>
`;
