// Jest Snapshot v1, https://goo.gl/fbAQLP

exports[`<TechList /> should render default snapshot 1`] = `
.c2 {
  font-family: 'Oswald',Impact,'Franklin Gothic Bold',sans-serif;
  display: inline-block;
  background: #d7d5d9;
  border-radius: 0.16666666666666666em;
  color: #292b2f;
  padding: 0.2777777777777778em;
}

.c0 {
  list-style: none;
  padding: 0;
  color: #292b2f;
  text-align: center;
  font-family: 'Oswald',Impact,'Franklin Gothic Bold',sans-serif;
  display: -webkit-box;
  display: -webkit-flex;
  display: -ms-flexbox;
  display: flex;
  -webkit-flex-flow: wrap;
  -ms-flex-flow: wrap;
  flex-flow: wrap;
  -webkit-box-pack: center;
  -webkit-justify-content: center;
  -ms-flex-pack: center;
  justify-content: center;
}

.c1 {
  margin: 0.3333333333333333em;
}

<ul
  class="c0"
>
  <li
    class="c1"
  >
    <span
      class="c2"
    >
      JavaScript
    </span>
  </li>
  <li
    class="c1"
  >
    <span
      class="c2"
    >
      ReactJS
    </span>
  </li>
  <li
    class="c1"
  >
    <span
      class="c2"
    >
      Redux
    </span>
  </li>
</ul>
`;

exports[`<TechList /> should render snapshot with not isEnglish 1`] = `
.c2 {
  font-family: 'Oswald',Impact,'Franklin Gothic Bold',sans-serif;
  display: inline-block;
  background: #d7d5d9;
  border-radius: 0.16666666666666666em;
  color: #292b2f;
  padding: 0.2777777777777778em;
}

.c0 {
  list-style: none;
  padding: 0;
  color: #292b2f;
  text-align: center;
  font-family: 'Oswald',Impact,'Franklin Gothic Bold',sans-serif;
  display: -webkit-box;
  display: -webkit-flex;
  display: -ms-flexbox;
  display: flex;
  -webkit-flex-flow: wrap;
  -ms-flex-flow: wrap;
  flex-flow: wrap;
  -webkit-box-pack: center;
  -webkit-justify-content: center;
  -ms-flex-pack: center;
  justify-content: center;
}

.c1 {
  margin: 0.3333333333333333em;
}

<ul
  class="c0"
>
  <li
    class="c1"
  >
    <span
      class="c2"
    >
      JavaScript
    </span>
  </li>
  <li
    class="c1"
  >
    <span
      class="c2"
    >
      ReactJS
    </span>
  </li>
  <li
    class="c1"
  >
    <span
      class="c2"
    >
      Redux
    </span>
  </li>
</ul>
`;
